
> mis-fotos@0.1.0 build
> next build

ÔÜá Warning: Next.js inferred your workspace root, but it may not be correct.
 We detected multiple lockfiles and selected the directory of C:\Users\julia\package-lock.json as the root directory.
 To silence this warning, set `turbopack.root` in your Next.js config, or consider removing one of the lockfiles if it's not needed.
   See https://nextjs.org/docs/app/api-reference/config/next-config-js/turbopack#root-directory for more information.
 Detected additional lockfiles: 
   * C:\Users\julia\Downloads\Proyectos\mis-fotos\package-lock.json

Ôû▓ Next.js 16.1.6 (Turbopack)
- Environments: .env

  Creating an optimized production build ...
Ô£ô Compiled successfully in 17.9s
  Running TypeScript ...
Failed to compile.

./src/components/settings/ConnectionStatusWidget.tsx:17:31
Type error: Argument of type '{}' is not assignable to parameter of type 'SetStateAction<string>'.

  15 |                 const settings = await window.electronAPI.getSettings();
  16 |                 if (settings && settings.googleApiKey) {
> 17 |                     setApiKey(settings.googleApiKey);
     |                               ^
  18 |                 }
  19 |             }
  20 |         };
Next.js build worker exited with code: 1 and signal: null
